ASxxxx Linker V03.00 + NoICE + sdld,  page 1.
Hexadecimal  [32-Bits]

Area                                    Addr        Size        Decimal Bytes (Attributes)
--------------------------------        ----        ----        ------- ----- ------------
CABS                                00000000    00000000 =           0. bytes (ABS,CON,CODE)

      Value  Global                              Global Defined In Module
      -----  --------------------------------   ------------------------
C:   00000000  l_CABS                          
C:   00000000  l_GSINIT                        
C:   00000000  l_GSINIT1                       
C:   00000000  l_GSINIT5                       
C:   00000000  l_IABS                          
C:   00000000  l_ISEG                          
C:   00000000  l_PSEG                          
C:   00000000  l_REG_BANK_1                    
C:   00000000  l_RSEG                          
C:   00000000  l_RSEG0                         
C:   00000000  l_RSEG1                         
C:   00000000  l_XABS                          
C:   00000000  l_XINIT                         
C:   00000000  l_XISEG                         
C:   00000000  l_XSEG                          
C:   00000000  l__CODE                         
C:   00000000  s_BSEG                          
C:   00000000  s_CABS                          
C:   00000000  s_DSEG                          
C:   00000000  s_HOME                          
C:   00000000  s_IABS                          
C:   00000000  s_ISEG                          
C:   00000000  s_REG_BANK_0                    
C:   00000000  s_RSEG                          
C:   00000000  s_RSEG0                         
C:   00000000  s_RSEG1                         
C:   00000000  s_XABS                          
C:   00000001  l_BIT_BANK                      
C:   00000001  l_BSEG_BYTES                    
C:   00000001  s_PSEG                          
C:   00000001  s_XISEG                         
C:   00000001  s_XSEG                          
C:   00000002  l_OSEG                          
C:   00000003  l_BSEG                          
C:   00000003  l_GSFINAL                       
C:   00000003  l_GSINIT0                       
C:   00000008  l_REG_BANK_0                    
C:   00000008  l_REG_BANK_2                    
C:   00000008  l_REG_BANK_3                    
C:   00000008  s_REG_BANK_1                    
C:   0000000A  l_GSINIT2                       
C:   0000000E  s_OSEG                          
C:   00000010  s_REG_BANK_2                    
C:   00000018  s_REG_BANK_3                    
C:   00000020  s_BSEG_BYTES                    
C:   00000020  s__CODE                         
C:   00000021  s_BIT_BANK                      
C:   00000022  l_GSINIT3                       
C:   00000029  l_HOME                          
C:   00000029  s_GSINIT0                       
ASxxxx Linker V03.00 + NoICE + sdld,  page 2.
Hexadecimal  [32-Bits]

Area                                    Addr        Size        Decimal Bytes (Attributes)
--------------------------------        ----        ----        ------- ----- ------------
CABS                                00000000    00000000 =           0. bytes (ABS,CON,CODE)

      Value  Global                              Global Defined In Module
      -----  --------------------------------   ------------------------
C:   0000002A  l_GSINIT4                       
C:   0000002C  s_GSINIT1                       
C:   0000002C  s_GSINIT2                       
C:   00000036  s_GSINIT3                       
C:   00000058  s_GSINIT4                       
C:   0000005A  s_SSEG                          
C:   00000080  l_DSEG                          
C:   00000082  s_GSFINAL                       
C:   00000082  s_GSINIT                        
C:   00000082  s_GSINIT5                       
C:   00000085  s_CSEG                          
C:   000000A6  l_SSEG                          
C:   00000100  l_IRAM                          
C:   00000C9C  l_CONST                         
C:   0000124B  l_CSEG                          
C:   000012D0  s_CONST                         
C:   00001F6C  s_XINIT                         

ASxxxx Linker V03.00 + NoICE + sdld,  page 3.
Hexadecimal  [32-Bits]

Area                                    Addr        Size        Decimal Bytes (Attributes)
--------------------------------        ----        ----        ------- ----- ------------
.  .ABS.                            00000000    00000000 =           0. bytes (ABS,CON)

      Value  Global                              Global Defined In Module
      -----  --------------------------------   ------------------------
     00000000  .__.ABS.                           _startup
     00000000  _codice                            8052Explorer
     00000000  _dati                              8052Explorer
     00000080  _P0                                timer0
     00000080  _P0_0                              timer0
     00000081  _P0_1                              timer0
     00000081  _SP                                timer0
     00000082  _DP0L                              timer0
     00000082  _DPL                               timer0
     00000082  _P0_2                              timer0
     00000083  _DP0H                              timer0
     00000083  _DPH                               timer0
     00000083  _P0_3                              timer0
     00000084  _DP1L                              timer0
     00000084  _P0_4                              timer0
     00000085  _DP1H                              timer0
     00000085  _P0_5                              timer0
     00000086  _P0_6                              timer0
     00000086  _SPDR                              timer0
     00000087  _P0_7                              timer0
     00000087  _PCON                              timer0
     00000088  _IT0                               timer0
     00000088  _TCON                              timer0
     00000089  _IE0                               timer0
     00000089  _TMOD                              timer0
     0000008A  _IT1                               timer0
     0000008A  _TL0                               timer0
     0000008B  _IE1                               timer0
     0000008B  _TL1                               timer0
     0000008C  _TH0                               timer0
     0000008C  _TR0                               timer0
     0000008D  _TF0                               timer0
     0000008D  _TH1                               timer0
     0000008E  _ALE                               timer0
     0000008E  _AUXR                              timer0
     0000008E  _TR1                               timer0
     0000008F  _CLKREG                            timer0
     0000008F  _TF1                               timer0
     00000090  _P1                                timer0
     00000090  _P1_0                              timer0
     00000090  _T2                                timer0
     00000091  _P1_1                              timer0
     00000091  _T2EX                              timer0
     00000092  _P1_2                              timer0
     00000093  _P1_3                              timer0
     00000094  _P1_4                              timer0
     00000094  _SS                                timer0
     00000095  _MOSI                              timer0
     00000095  _P1_5                              timer0
     00000096  _EECON                             timer0
ASxxxx Linker V03.00 + NoICE + sdld,  page 4.
Hexadecimal  [32-Bits]

Area                                    Addr        Size        Decimal Bytes (Attributes)
--------------------------------        ----        ----        ------- ----- ------------
.  .ABS.                            00000000    00000000 =           0. bytes (ABS,CON)

      Value  Global                              Global Defined In Module
      -----  --------------------------------   ------------------------
     00000096  _MISO                              timer0
     00000096  _P1_6                              timer0
     00000097  _P1_7                              timer0
     00000097  _SCK                               timer0
     00000098  _RI                                timer0
     00000098  _SCON                              timer0
     00000099  _SBUF                              timer0
     00000099  _TI                                timer0
     0000009A  _RB8                               timer0
     0000009B  _TB8                               timer0
     0000009C  _REN                               timer0
     0000009D  _SM2                               timer0
     0000009E  _SM1                               timer0
     0000009F  _SM0                               timer0
     000000A0  _P2                                timer0
     000000A0  _P2_0                              timer0
     000000A0  __XPAGE                            
     000000A1  _P2_1                              timer0
     000000A2  _P2_2                              timer0
     000000A3  _P2_3                              timer0
     000000A4  _P2_4                              timer0
     000000A5  _P2_5                              timer0
     000000A6  _P2_6                              timer0
     000000A6  _WDTRST                            timer0
     000000A7  _P2_7                              timer0
     000000A7  _WDTCON                            timer0
     000000A8  _EX0                               timer0
     000000A8  _IE                                timer0
     000000A9  _ET0                               timer0
     000000A9  _SADDR                             timer0
     000000AA  _EX1                               timer0
     000000AA  _SPSR                              timer0
     000000AB  _ET1                               timer0
     000000AC  _ES                                timer0
     000000AD  _ET2                               timer0
     000000AF  _EA                                timer0
     000000B0  _P3                                timer0
     000000B0  _P3_0                              timer0
     000000B0  _RXD                               timer0
     000000B1  _P3_1                              timer0
     000000B1  _TXD                               timer0
     000000B2  _INT0                              timer0
     000000B2  _P3_2                              timer0
     000000B3  _INT1                              timer0
     000000B3  _P3_3                              timer0
     000000B4  _P3_4                              timer0
     000000B4  _T0                                timer0
     000000B5  _P3_5                              timer0
     000000B5  _T1                                timer0
     000000B6  _P3_6                              timer0
     000000B6  _WR                                timer0
ASxxxx Linker V03.00 + NoICE + sdld,  page 5.
Hexadecimal  [32-Bits]

Area                                    Addr        Size        Decimal Bytes (Attributes)
--------------------------------        ----        ----        ------- ----- ------------
.  .ABS.                            00000000    00000000 =           0. bytes (ABS,CON)

      Value  Global                              Global Defined In Module
      -----  --------------------------------   ------------------------
     000000B7  _IPH                               timer0
     000000B7  _P3_7                              timer0
     000000B7  _RD                                timer0
     000000B8  _IP                                timer0
     000000B8  _PX0                               timer0
     000000B9  _PT0                               timer0
     000000B9  _SADEN                             timer0
     000000BA  _PX1                               timer0
     000000BB  _PT1                               timer0
     000000BC  _PS                                timer0
     000000BD  _PT2                               timer0
     000000C8  _CP_RL2                            timer0
     000000C8  _T2CON                             timer0
     000000C8  _T2CON_0                           timer0
     000000C9  _C_T2                              timer0
     000000C9  _T2CON_1                           timer0
     000000C9  _T2MOD                             timer0
     000000CA  _RCAP2L                            timer0
     000000CA  _T2CON_2                           timer0
     000000CA  _TR2                               timer0
     000000CB  _EXEN2                             timer0
     000000CB  _RCAP2H                            timer0
     000000CB  _T2CON_3                           timer0
     000000CC  _T2CON_4                           timer0
     000000CC  _TCLK                              timer0
     000000CC  _TL2                               timer0
     000000CD  _RCLK                              timer0
     000000CD  _T2CON_5                           timer0
     000000CD  _TH2                               timer0
     000000CE  _EXF2                              timer0
     000000CE  _T2CON_6                           timer0
     000000CF  _T2CON_7                           timer0
     000000CF  _TF2                               timer0
     000000D0  _P                                 timer0
     000000D0  _PSW                               timer0
     000000D1  _FL                                timer0
     000000D2  _OV                                timer0
     000000D3  _RS0                               timer0
     000000D4  _RS1                               timer0
     000000D5  _F0                                timer0
     000000D5  _SPCR                              timer0
     000000D6  _AC                                timer0
     000000D7  _CY                                timer0
     000000E0  _A                                 timer0
     000000E0  _ACC                               timer0
     000000F0  _B                                 timer0
     000000F0  _BREG_F0                           timer0
     000000F1  _BREG_F1                           timer0
     000000F2  _BREG_F2                           timer0
     000000F3  _BREG_F3                           timer0
     000000F4  _BREG_F4                           timer0
ASxxxx Linker V03.00 + NoICE + sdld,  page 6.
Hexadecimal  [32-Bits]

Area                                    Addr        Size        Decimal Bytes (Attributes)
--------------------------------        ----        ----        ------- ----- ------------
.  .ABS.                            00000000    00000000 =           0. bytes (ABS,CON)

      Value  Global                              Global Defined In Module
      -----  --------------------------------   ------------------------
     000000F5  _BREG_F5                           timer0
     000000F5  _B_5                               _gptrget
     000000F6  _BREG_F6                           timer0
     000000F6  _B_6                               _gptrget
     000000F7  _BREG_F7                           timer0
     000000F7  _B_7                               _gptrget

ASxxxx Linker V03.00 + NoICE + sdld,  page 7.
Hexadecimal  [32-Bits]

Area                                    Addr        Size        Decimal Bytes (Attributes)
--------------------------------        ----        ----        ------- ----- ------------
BSEG_BYTES                          00000020    00000001 =           1. bytes (REL,CON)

      Value  Global                              Global Defined In Module
      -----  --------------------------------   ------------------------
ASxxxx Linker V03.00 + NoICE + sdld,  page 8.
Hexadecimal  [32-Bits]

Area                                    Addr        Size        Decimal Bytes (Attributes)
--------------------------------        ----        ----        ------- ----- ------------
REG_BANK_0                          00000000    00000008 =           8. bytes (REL,OVR)

      Value  Global                              Global Defined In Module
      -----  --------------------------------   ------------------------
ASxxxx Linker V03.00 + NoICE + sdld,  page 9.
Hexadecimal  [32-Bits]

Area                                    Addr        Size        Decimal Bytes (Attributes)
--------------------------------        ----        ----        ------- ----- ------------
REG_BANK_2                          00000010    00000008 =           8. bytes (REL,OVR)

      Value  Global                              Global Defined In Module
      -----  --------------------------------   ------------------------
ASxxxx Linker V03.00 + NoICE + sdld,  page 10.
Hexadecimal  [32-Bits]

Area                                    Addr        Size        Decimal Bytes (Attributes)
--------------------------------        ----        ----        ------- ----- ------------
REG_BANK_3                          00000018    00000008 =           8. bytes (REL,OVR)

      Value  Global                              Global Defined In Module
      -----  --------------------------------   ------------------------
ASxxxx Linker V03.00 + NoICE + sdld,  page 11.
Hexadecimal  [32-Bits]

Area                                    Addr        Size        Decimal Bytes (Attributes)
--------------------------------        ----        ----        ------- ----- ------------
BIT_BANK                            00000021    00000001 =           1. bytes (REL,OVR)

      Value  Global                              Global Defined In Module
      -----  --------------------------------   ------------------------
ASxxxx Linker V03.00 + NoICE + sdld,  page 12.
Hexadecimal  [32-Bits]

Area                                    Addr        Size        Decimal Bytes (Attributes)
--------------------------------        ----        ----        ------- ----- ------------
DSEG                                00000000    00000080 =         128. bytes (REL,CON)

      Value  Global                              Global Defined In Module
      -----  --------------------------------   ------------------------
     00000008  _tempa                             eeprom
     00000009  _tempb                             eeprom
     0000000A  _tempc                             eeprom
     0000000B  _writeEeprom_PARM_2                eeprom
     0000000D  _bp                                _bp
     00000032  _tx_tail                           serial
     00000033  _rx_head                           serial
     00000034  _rx_tail                           serial
     00000035  _tx_head                           serial
     00000056  _millisx                           timer0
     00000058  _prima                             timer0

ASxxxx Linker V03.00 + NoICE + sdld,  page 13.
Hexadecimal  [32-Bits]

Area                                    Addr        Size        Decimal Bytes (Attributes)
--------------------------------        ----        ----        ------- ----- ------------
OSEG                                0000000E    00000002 =           2. bytes (REL,OVR)

      Value  Global                              Global Defined In Module
      -----  --------------------------------   ------------------------
     0000000E  __modsint_PARM_2                   _moduint
     0000000E  __moduint_PARM_2                   _moduint
     0000000E  _init_ser_PARM_2                   serial
     0000000E  _init_timer0_PARM_2                timer0

ASxxxx Linker V03.00 + NoICE + sdld,  page 14.
Hexadecimal  [32-Bits]

Area                                    Addr        Size        Decimal Bytes (Attributes)
--------------------------------        ----        ----        ------- ----- ------------
SSEG                                0000005A    000000A6 =         166. bytes (REL,OVR)

      Value  Global                              Global Defined In Module
      -----  --------------------------------   ------------------------
     0000005A  __start__stack                     8052Explorer

ASxxxx Linker V03.00 + NoICE + sdld,  page 15.
Hexadecimal  [32-Bits]

Area                                    Addr        Size        Decimal Bytes (Attributes)
--------------------------------        ----        ----        ------- ----- ------------
HOME                                00000000    00000029 =          41. bytes (REL,CON,CODE)

      Value  Global                              Global Defined In Module
      -----  --------------------------------   ------------------------
C:   00000026  __sdcc_program_startup             8052Explorer

ASxxxx Linker V03.00 + NoICE + sdld,  page 16.
Hexadecimal  [32-Bits]

Area                                    Addr        Size        Decimal Bytes (Attributes)
--------------------------------        ----        ----        ------- ----- ------------
GSINIT0                             00000029    00000003 =           3. bytes (REL,CON,CODE)

      Value  Global                              Global Defined In Module
      -----  --------------------------------   ------------------------
C:   00000029  __sdcc_gsinit_startup              

ASxxxx Linker V03.00 + NoICE + sdld,  page 17.
Hexadecimal  [32-Bits]

Area                                    Addr        Size        Decimal Bytes (Attributes)
--------------------------------        ----        ----        ------- ----- ------------
GSINIT2                             0000002C    0000000A =          10. bytes (REL,CON,CODE)

      Value  Global                              Global Defined In Module
      -----  --------------------------------   ------------------------
ASxxxx Linker V03.00 + NoICE + sdld,  page 18.
Hexadecimal  [32-Bits]

Area                                    Addr        Size        Decimal Bytes (Attributes)
--------------------------------        ----        ----        ------- ----- ------------
GSINIT3                             00000036    00000022 =          34. bytes (REL,CON,CODE)

      Value  Global                              Global Defined In Module
      -----  --------------------------------   ------------------------
C:   00000036  __mcs51_genXINIT                   

ASxxxx Linker V03.00 + NoICE + sdld,  page 19.
Hexadecimal  [32-Bits]

Area                                    Addr        Size        Decimal Bytes (Attributes)
--------------------------------        ----        ----        ------- ----- ------------
GSINIT4                             00000058    0000002A =          42. bytes (REL,CON,CODE)

      Value  Global                              Global Defined In Module
      -----  --------------------------------   ------------------------
C:   00000058  __mcs51_genRAMCLEAR                
C:   0000005E  __mcs51_genXRAMCLEAR               

ASxxxx Linker V03.00 + NoICE + sdld,  page 20.
Hexadecimal  [32-Bits]

Area                                    Addr        Size        Decimal Bytes (Attributes)
--------------------------------        ----        ----        ------- ----- ------------
GSFINAL                             00000082    00000003 =           3. bytes (REL,CON,CODE)

      Value  Global                              Global Defined In Module
      -----  --------------------------------   ------------------------
ASxxxx Linker V03.00 + NoICE + sdld,  page 21.
Hexadecimal  [32-Bits]

Area                                    Addr        Size        Decimal Bytes (Attributes)
--------------------------------        ----        ----        ------- ----- ------------
CSEG                                00000085    0000124B =        4683. bytes (REL,CON,CODE)

      Value  Global                              Global Defined In Module
      -----  --------------------------------   ------------------------
C:   00000085  _watchdogRESET                     8052Explorer
C:   0000008C  _felix                             8052Explorer
C:   000000A1  _dumpEEPROM                        8052Explorer
C:   0000026E  _hexEEPROM                         8052Explorer
C:   000004A9  _dumpCODE                          8052Explorer
C:   0000069D  _dumpRAM                           8052Explorer
C:   00000890  _hexCODE                           8052Explorer
C:   00000AC8  _reset                             8052Explorer
C:   00000AD3  _start                             8052Explorer
C:   00000BCE  _p                                 8052Explorer
C:   00000E02  _HELP                              8052Explorer
C:   00000E0B  _main                              8052Explorer
C:   00000F0E  _readEepromAssembler               eeprom
C:   00000F28  _readEeprom                        eeprom
C:   00000F3D  _writeEepromAssembler              eeprom
C:   00000F57  _writeEeprom                       eeprom
C:   00000F84  _init_ser                          serial
C:   00000FB4  _SerInt                            serial
C:   00001005  _ser_write_byte                    serial
C:   0000102A  _ser_byte_avail                    serial
C:   00001041  _ser_read_byte                     serial
C:   0000105B  _putchar                           serial
C:   0000106F  _getchar                           serial
C:   00001077  _init_timer0                       timer0
C:   00001088  _millis                            timer0
C:   0000108F  _it_timer0                         timer0
C:   0000111A  _printf_tiny                       printf_tiny
C:   00001223  __moduint                          _moduint
C:   00001270  _puts                              puts
C:   000012B0  __gptrget                          _gptrget
C:   000012CC  __sdcc_external_startup            _startup

ASxxxx Linker V03.00 + NoICE + sdld,  page 22.
Hexadecimal  [32-Bits]

Area                                    Addr        Size        Decimal Bytes (Attributes)
--------------------------------        ----        ----        ------- ----- ------------
CONST                               000012D0    00000C9C =        3228. bytes (REL,CON,CODE)

      Value  Global                              Global Defined In Module
      -----  --------------------------------   ------------------------
C:   000012D0  _acTestString                      8052Explorer

ASxxxx Linker V03.00 + NoICE + sdld,  page 23.

Files Linked                              [ module(s) ]

build/8052Explorer.rel                    [  ]
build/eeprom.rel                          [  ]
build//serial.rel                         [  ]
build//timer0.rel                         [  ]


Libraries Linked                          [ object file ]

c:\Program Files\SDCC\bin\..\lib\small/mcs51.lib
                                          [ crtclear.rel ]
c:\Program Files\SDCC\bin\..\lib\small/mcs51.lib
                                          [ crtxinit.rel ]
c:\Program Files\SDCC\bin\..\lib\small/libsdcc.lib
                                          [ printf_tiny.rel ]
c:\Program Files\SDCC\bin\..\lib\small/libint.lib
                                          [ _moduint.rel ]
c:\Program Files\SDCC\bin\..\lib\small/mcs51.lib
                                          [ crtxclear.rel ]
c:\Program Files\SDCC\bin\..\lib\small/libsdcc.lib
                                          [ puts.rel ]
c:\Program Files\SDCC\bin\..\lib\small/libsdcc.lib
                                          [ _bp.rel ]
c:\Program Files\SDCC\bin\..\lib\small/mcs51.lib
                                          [ crtpagesfr.rel ]
c:\Program Files\SDCC\bin\..\lib\small/mcs51.lib
                                          [ crtstart.rel ]
c:\Program Files\SDCC\bin\..\lib\small/libsdcc.lib
                                          [ _gptrget.rel ]
c:\Program Files\SDCC\bin\..\lib\small/libsdcc.lib
                                          [ _startup.rel ]

ASxxxx Linker V03.00 + NoICE + sdld,  page 24.

User Base Address Definitions

HOME = 0x0000
XSEG = 0x0001
PSEG = 0x0001
ISEG = 0x0000
BSEG = 0x0000

